OPENLDAP_2.200
{
  global:
    ber_alloc;
    ber_alloc_t;
    ber_bprint;
    ber_bvarray_add;
    ber_bvarray_add_x;
    ber_bvarray_dup_x;
    ber_bvarray_free;
    ber_bvarray_free_x;
    ber_bvdup;
    ber_bvecadd;
    ber_bvecadd_x;
    ber_bvecfree;
    ber_bvecfree_x;
    ber_bvfree;
    ber_bvfree_x;
    ber_bvreplace;
    ber_bvreplace_x;
    ber_decode_int;
    ber_decode_oid;
    ber_dump;
    ber_dup;
    ber_dupbv;
    ber_dupbv_x;
    ber_encode_oid;
    ber_errno_addr;
    ber_error_print;
    ber_first_element;
    ber_flatten2;
    ber_flatten;
    ber_flush2;
    ber_flush;
    ber_free;
    ber_free_buf;
    ber_get_bitstringa;
    ber_get_boolean;
    ber_get_enum;
    ber_get_int;
    ber_get_next;
    ber_get_null;
    ber_get_option;
    ber_get_stringa;
    ber_get_stringa_null;
    ber_get_stringal;
    ber_get_stringb;
    ber_get_stringbv;
    ber_get_stringbv_null;
    ber_get_tag;
    ber_init2;
    ber_init;
    ber_init_w_nullc;
    ber_int_errno_fn;
    ber_int_log_proc;
    ber_int_memory_fns;
    ber_int_options;
    ber_int_sb_close;
    ber_int_sb_destroy;
    ber_int_sb_init;
    ber_int_sb_read;
    ber_int_sb_write;
    ber_len;
    ber_log_bprint;
    ber_log_dump;
    ber_log_sos_dump;
    ber_mem2bv;
    ber_mem2bv_x;
    ber_memalloc;
    ber_memalloc_x;
    ber_memcalloc;
    ber_memcalloc_x;
    ber_memfree;
    ber_memfree_x;
    ber_memrealloc;
    ber_memrealloc_x;
    ber_memvfree;
    ber_memvfree_x;
    ber_next_element;
    ber_peek_element;
    ber_peek_tag;
    ber_printf;
    ber_ptrlen;
    ber_put_berval;
    ber_put_bitstring;
    ber_put_boolean;
    ber_put_enum;
    ber_put_int;
    ber_put_null;
    ber_put_ostring;
    ber_put_seq;
    ber_put_set;
    ber_put_string;
    ber_pvt_err_file;
    ber_pvt_log_output;
    ber_pvt_log_print;
    ber_pvt_log_printf;
    ber_pvt_opt_on;
    ber_pvt_sb_buf_destroy;
    ber_pvt_sb_buf_init;
    ber_pvt_sb_copy_out;
    ber_pvt_sb_do_write;
    ber_pvt_sb_grow_buffer;
    ber_pvt_socket_set_nonblock;
    ber_read;
    ber_realloc;
    ber_remaining;
    ber_reset;
    ber_rewind;
    ber_scanf;
    ber_set_option;
    ber_skip_data;
    ber_skip_element;
    ber_skip_raw;
    ber_skip_tag;
    ber_sockbuf_add_io;
    ber_sockbuf_alloc;
    ber_sockbuf_ctrl;
    ber_sockbuf_free;
    ber_sockbuf_io_debug;
    ber_sockbuf_io_fd;
    ber_sockbuf_io_readahead;
    ber_sockbuf_io_tcp;
    ber_sockbuf_remove_io;
    ber_sos_dump;
    ber_start;
    ber_start_seq;
    ber_start_set;
    ber_str2bv;
    ber_str2bv_x;
    ber_strdup;
    ber_strdup_x;
    ber_strndup;
    ber_strndup_x;
    ber_strnlen;
    ber_write;
    der_alloc;
    lutil_debug;
    lutil_debug_file;
  local:
    *;
};

